Release 9.2.04i - xst J.40
Copyright (c) 1995-2007 Xilinx, Inc.  All rights reserved.
--> Parameter TMPDIR set to ./xst/projnav.tmp
CPU : 0.00 / 0.20 s | Elapsed : 0.00 / 0.00 s
 
--> Parameter xsthdpdir set to ./xst
CPU : 0.00 / 0.20 s | Elapsed : 0.00 / 0.00 s
 
--> Reading design: test1.prj

TABLE OF CONTENTS
  1) Synthesis Options Summary
  2) HDL Compilation
  3) Design Hierarchy Analysis
  4) HDL Analysis
  5) HDL Synthesis
     5.1) HDL Synthesis Report
  6) Advanced HDL Synthesis
     6.1) Advanced HDL Synthesis Report
  7) Low Level Synthesis
  8) Partition Report
  9) Final Report
     9.1) Device utilization summary
     9.2) Partition Resource Summary
     9.3) TIMING REPORT


=========================================================================
*                      Synthesis Options Summary                        *
=========================================================================
---- Source Parameters
Input File Name                    : "test1.prj"
Input Format                       : mixed
Ignore Synthesis Constraint File   : NO

---- Target Parameters
Output File Name                   : "test1"
Output Format                      : NGC
Target Device                      : xc3s1000-4-ft256

---- Source Options
Top Module Name                    : test1
Automatic FSM Extraction           : YES
FSM Encoding Algorithm             : Auto
Safe Implementation                : No
FSM Style                          : lut
RAM Extraction                     : Yes
RAM Style                          : Auto
ROM Extraction                     : Yes
Mux Style                          : Auto
Decoder Extraction                 : YES
Priority Encoder Extraction        : YES
Shift Register Extraction          : YES
Logical Shifter Extraction         : YES
XOR Collapsing                     : YES
ROM Style                          : Auto
Mux Extraction                     : YES
Resource Sharing                   : YES
Asynchronous To Synchronous        : NO
Multiplier Style                   : auto
Automatic Register Balancing       : No

---- Target Options
Add IO Buffers                     : YES
Global Maximum Fanout              : 500
Add Generic Clock Buffer(BUFG)     : 8
Register Duplication               : YES
Slice Packing                      : YES
Optimize Instantiated Primitives   : NO
Use Clock Enable                   : Yes
Use Synchronous Set                : Yes
Use Synchronous Reset              : Yes
Pack IO Registers into IOBs        : auto
Equivalent register Removal        : YES

---- General Options
Optimization Goal                  : Speed
Optimization Effort                : 1
Library Search Order               : test1.lso
Keep Hierarchy                     : NO
RTL Output                         : Yes
Global Optimization                : AllClockNets
Read Cores                         : YES
Write Timing Constraints           : NO
Cross Clock Analysis               : NO
Hierarchy Separator                : /
Bus Delimiter                      : <>
Case Specifier                     : maintain
Slice Utilization Ratio            : 100
BRAM Utilization Ratio             : 100
Verilog 2001                       : YES
Auto BRAM Packing                  : NO
Slice Utilization Ratio Delta      : 5

=========================================================================


=========================================================================
*                          HDL Compilation                              *
=========================================================================
Compiling vhdl file "C:/Users/mhagerott09/Desktop/vga1/vga_test/vga_gen.vhd" in Library work.
Entity <vga_gen> compiled.
Entity <vga_gen> (Architecture <behavioral>) compiled.
Compiling vhdl file "C:/Users/mhagerott09/Desktop/vga1/vga_test/test1.vhd" in Library work.
Architecture behavioral of Entity test1 is up to date.

=========================================================================
*                     Design Hierarchy Analysis                         *
=========================================================================
Analyzing hierarchy for entity <test1> in library <work> (architecture <behavioral>).

Analyzing hierarchy for entity <vga_gen> in library <work> (architecture <behavioral>).


=========================================================================
*                            HDL Analysis                               *
=========================================================================
Analyzing Entity <test1> in library <work> (Architecture <behavioral>).
Entity <test1> analyzed. Unit <test1> generated.

Analyzing Entity <vga_gen> in library <work> (Architecture <behavioral>).
INFO:Xst:2679 - Register <green_out> in unit <vga_gen> has a constant value of 000 during circuit operation. The register is replaced by logic.
INFO:Xst:2679 - Register <blue_out> in unit <vga_gen> has a constant value of 000 during circuit operation. The register is replaced by logic.
Entity <vga_gen> analyzed. Unit <vga_gen> generated.


=========================================================================
*                           HDL Synthesis                               *
=========================================================================

Performing bidirectional port resolution...

Synthesizing Unit <vga_gen>.
    Related source file is "C:/Users/mhagerott09/Desktop/vga1/vga_test/vga_gen.vhd".
WARNING:Xst:647 - Input <blue> is never used.
WARNING:Xst:647 - Input <green> is never used.
WARNING:Xst:647 - Input <red> is never used.
WARNING:Xst:2734 - Property "use_dsp48" is not applicable for this technology.
WARNING:Xst:2734 - Property "use_dsp48" is not applicable for this technology.
    Found 1-bit register for signal <vsync>.
    Found 3-bit register for signal <red_out>.
    Found 1-bit register for signal <hsync>.
    Found 12-bit adder for signal <$add0000> created at line 64.
    Found 12-bit adder for signal <$add0002> created at line 104.
    Found 12-bit adder for signal <add0001$add0000> created at line 92.
    Found 21-bit adder for signal <add0003$add0000> created at line 129.
    Found 12-bit up counter for signal <col_cnt>.
    Found 1-bit register for signal <col_cnt_enable>.
    Found 12-bit register for signal <h_cnt>.
    Found 1-bit register for signal <h_sig>.
    Found 12-bit up counter for signal <row_cnt>.
    Found 1-bit register for signal <row_cnt_enable>.
    Found 21-bit register for signal <v_cnt>.
    Found 1-bit register for signal <v_sig>.
    Summary:
	inferred   2 Counter(s).
	inferred  42 D-type flip-flop(s).
	inferred   4 Adder/Subtractor(s).
Unit <vga_gen> synthesized.


Synthesizing Unit <test1>.
    Related source file is "C:/Users/mhagerott09/Desktop/vga1/vga_test/test1.vhd".
WARNING:Xst:647 - Input <reset1> is never used.
WARNING:Xst:646 - Signal <pixel_row> is assigned but never used.
WARNING:Xst:1780 - Signal <clk_25> is never used or assigned.
WARNING:Xst:646 - Signal <pixel_column> is assigned but never used.
Unit <test1> synthesized.


=========================================================================
HDL Synthesis Report

Macro Statistics
# Adders/Subtractors                                   : 4
 12-bit adder                                          : 3
 21-bit adder                                          : 1
# Counters                                             : 2
 12-bit up counter                                     : 2
# Registers                                            : 9
 1-bit register                                        : 6
 12-bit register                                       : 1
 21-bit register                                       : 1
 3-bit register                                        : 1

=========================================================================

=========================================================================
*                       Advanced HDL Synthesis                          *
=========================================================================

Loading device for application Rf_Device from file '3s1000.nph' in environment C:\Xilinx92i.
INFO:Xst:2261 - The FF/Latch <h_sig> in Unit <vga_gen> is equivalent to the following FF/Latch, which will be removed : <hsync> 
INFO:Xst:2261 - The FF/Latch <v_sig> in Unit <vga_gen> is equivalent to the following FF/Latch, which will be removed : <vsync> 

=========================================================================
Advanced HDL Synthesis Report

Macro Statistics
# Adders/Subtractors                                   : 4
 12-bit adder                                          : 3
 21-bit adder                                          : 1
# Counters                                             : 2
 12-bit up counter                                     : 2
# Registers                                            : 40
 Flip-Flops                                            : 40

=========================================================================

=========================================================================
*                         Low Level Synthesis                           *
=========================================================================

Optimizing unit <test1> ...

Optimizing unit <vga_gen> ...
WARNING:Xst:2677 - Node <SYNC/row_cnt_11> of sequential type is unconnected in block <test1>.
WARNING:Xst:2677 - Node <SYNC/row_cnt_10> of sequential type is unconnected in block <test1>.
WARNING:Xst:2677 - Node <SYNC/row_cnt_9> of sequential type is unconnected in block <test1>.
WARNING:Xst:2677 - Node <SYNC/row_cnt_8> of sequential type is unconnected in block <test1>.
WARNING:Xst:2677 - Node <SYNC/row_cnt_7> of sequential type is unconnected in block <test1>.
WARNING:Xst:2677 - Node <SYNC/row_cnt_6> of sequential type is unconnected in block <test1>.
WARNING:Xst:2677 - Node <SYNC/row_cnt_5> of sequential type is unconnected in block <test1>.
WARNING:Xst:2677 - Node <SYNC/row_cnt_4> of sequential type is unconnected in block <test1>.
WARNING:Xst:2677 - Node <SYNC/row_cnt_3> of sequential type is unconnected in block <test1>.
WARNING:Xst:2677 - Node <SYNC/row_cnt_2> of sequential type is unconnected in block <test1>.
WARNING:Xst:2677 - Node <SYNC/row_cnt_1> of sequential type is unconnected in block <test1>.
WARNING:Xst:2677 - Node <SYNC/row_cnt_0> of sequential type is unconnected in block <test1>.
WARNING:Xst:2677 - Node <SYNC/col_cnt_11> of sequential type is unconnected in block <test1>.
WARNING:Xst:2677 - Node <SYNC/col_cnt_10> of sequential type is unconnected in block <test1>.
WARNING:Xst:2677 - Node <SYNC/col_cnt_9> of sequential type is unconnected in block <test1>.
WARNING:Xst:2677 - Node <SYNC/col_cnt_8> of sequential type is unconnected in block <test1>.
WARNING:Xst:2677 - Node <SYNC/col_cnt_7> of sequential type is unconnected in block <test1>.
WARNING:Xst:2677 - Node <SYNC/col_cnt_6> of sequential type is unconnected in block <test1>.
WARNING:Xst:2677 - Node <SYNC/col_cnt_5> of sequential type is unconnected in block <test1>.
WARNING:Xst:2677 - Node <SYNC/col_cnt_4> of sequential type is unconnected in block <test1>.
WARNING:Xst:2677 - Node <SYNC/col_cnt_3> of sequential type is unconnected in block <test1>.
WARNING:Xst:2677 - Node <SYNC/col_cnt_2> of sequential type is unconnected in block <test1>.
WARNING:Xst:2677 - Node <SYNC/col_cnt_1> of sequential type is unconnected in block <test1>.
WARNING:Xst:2677 - Node <SYNC/col_cnt_0> of sequential type is unconnected in block <test1>.
WARNING:Xst:2677 - Node <SYNC/row_cnt_enable> of sequential type is unconnected in block <test1>.
WARNING:Xst:2677 - Node <SYNC/col_cnt_enable> of sequential type is unconnected in block <test1>.

Mapping all equations...
Building and optimizing final netlist ...
Found area constraint ratio of 100 (+ 5) on block test1, actual ratio is 0.

Final Macro Processing ...

=========================================================================
Final Register Report

Macro Statistics
# Registers                                            : 38
 Flip-Flops                                            : 38

=========================================================================

=========================================================================
*                          Partition Report                             *
=========================================================================

Partition Implementation Status
-------------------------------

  No Partitions were found in this design.

-------------------------------

=========================================================================
*                            Final Report                               *
=========================================================================
Final Results
RTL Top Level Output File Name     : test1.ngr
Top Level Output File Name         : test1
Output Format                      : NGC
Optimization Goal                  : Speed
Keep Hierarchy                     : NO

Design Statistics
# IOs                              : 13

Cell Usage :
# BELS                             : 152
#      GND                         : 1
#      INV                         : 2
#      LUT1                        : 29
#      LUT2                        : 1
#      LUT2_D                      : 1
#      LUT2_L                      : 3
#      LUT3                        : 4
#      LUT3_L                      : 2
#      LUT4                        : 35
#      LUT4_D                      : 4
#      LUT4_L                      : 6
#      MUXCY                       : 31
#      MUXF5                       : 1
#      VCC                         : 1
#      XORCY                       : 31
# FlipFlops/Latches                : 38
#      FD                          : 37
#      FDS                         : 1
# Clock Buffers                    : 1
#      BUFGP                       : 1
# IO Buffers                       : 11
#      OBUF                        : 11
=========================================================================

Device utilization summary:
---------------------------

Selected Device : 3s1000ft256-4 

 Number of Slices:                      49  out of   7680     0%  
 Number of Slice Flip Flops:            38  out of  15360     0%  
 Number of 4 input LUTs:                87  out of  15360     0%  
 Number of IOs:                         13
 Number of bonded IOBs:                 12  out of    173     6%  
 Number of GCLKs:                        1  out of      8    12%  

---------------------------
Partition Resource Summary:
---------------------------

  No Partitions were found in this design.

---------------------------


=========================================================================
TIMING REPORT

NOTE: THESE TIMING NUMBERS ARE ONLY A SYNTHESIS ESTIMATE.
      FOR ACCURATE TIMING INFORMATION PLEASE REFER TO THE TRACE REPORT
      GENERATED AFTER PLACE-and-ROUTE.

Clock Information:
------------------
-----------------------------------+------------------------+-------+
Clock Signal                       | Clock buffer(FF name)  | Load  |
-----------------------------------+------------------------+-------+
Clock                              | BUFGP                  | 38    |
-----------------------------------+------------------------+-------+

Asynchronous Control Signals Information:
----------------------------------------
No asynchronous control signals found in this design

Timing Summary:
---------------
Speed Grade: -4

   Minimum period: 10.314ns (Maximum Frequency: 96.956MHz)
   Minimum input arrival time before clock: No path found
   Maximum output required time after clock: 7.241ns
   Maximum combinational path delay: No path found

Timing Detail:
--------------
All values displayed in nanoseconds (ns)

=========================================================================
Timing constraint: Default period analysis for Clock 'Clock'
  Clock period: 10.314ns (frequency: 96.956MHz)
  Total number of paths / destination ports: 3695 / 39
-------------------------------------------------------------------------
Delay:               10.314ns (Levels of Logic = 23)
  Source:            SYNC/v_cnt_1 (FF)
  Destination:       SYNC/v_sig (FF)
  Source Clock:      Clock rising
  Destination Clock: Clock rising

  Data Path: SYNC/v_cnt_1 to SYNC/v_sig
                                Gate     Net
    Cell:in->out      fanout   Delay   Delay  Logical Name (Net Name)
    ----------------------------------------  ------------
     FD:C->Q               1   0.720   1.140  SYNC/v_cnt_1 (SYNC/v_cnt_1)
     LUT1:I0->O            1   0.551   0.000  SYNC/Madd_add0003_add0000_cy<1>_rt (SYNC/Madd_add0003_add0000_cy<1>_rt)
     MUXCY:S->O            1   0.500   0.000  SYNC/Madd_add0003_add0000_cy<1> (SYNC/Madd_add0003_add0000_cy<1>)
     MUXCY:CI->O           1   0.064   0.000  SYNC/Madd_add0003_add0000_cy<2> (SYNC/Madd_add0003_add0000_cy<2>)
     MUXCY:CI->O           1   0.064   0.000  SYNC/Madd_add0003_add0000_cy<3> (SYNC/Madd_add0003_add0000_cy<3>)
     MUXCY:CI->O           1   0.064   0.000  SYNC/Madd_add0003_add0000_cy<4> (SYNC/Madd_add0003_add0000_cy<4>)
     MUXCY:CI->O           1   0.064   0.000  SYNC/Madd_add0003_add0000_cy<5> (SYNC/Madd_add0003_add0000_cy<5>)
     MUXCY:CI->O           1   0.064   0.000  SYNC/Madd_add0003_add0000_cy<6> (SYNC/Madd_add0003_add0000_cy<6>)
     MUXCY:CI->O           1   0.064   0.000  SYNC/Madd_add0003_add0000_cy<7> (SYNC/Madd_add0003_add0000_cy<7>)
     MUXCY:CI->O           1   0.064   0.000  SYNC/Madd_add0003_add0000_cy<8> (SYNC/Madd_add0003_add0000_cy<8>)
     MUXCY:CI->O           1   0.064   0.000  SYNC/Madd_add0003_add0000_cy<9> (SYNC/Madd_add0003_add0000_cy<9>)
     MUXCY:CI->O           1   0.064   0.000  SYNC/Madd_add0003_add0000_cy<10> (SYNC/Madd_add0003_add0000_cy<10>)
     MUXCY:CI->O           1   0.064   0.000  SYNC/Madd_add0003_add0000_cy<11> (SYNC/Madd_add0003_add0000_cy<11>)
     MUXCY:CI->O           1   0.064   0.000  SYNC/Madd_add0003_add0000_cy<12> (SYNC/Madd_add0003_add0000_cy<12>)
     MUXCY:CI->O           1   0.064   0.000  SYNC/Madd_add0003_add0000_cy<13> (SYNC/Madd_add0003_add0000_cy<13>)
     MUXCY:CI->O           1   0.064   0.000  SYNC/Madd_add0003_add0000_cy<14> (SYNC/Madd_add0003_add0000_cy<14>)
     MUXCY:CI->O           1   0.064   0.000  SYNC/Madd_add0003_add0000_cy<15> (SYNC/Madd_add0003_add0000_cy<15>)
     MUXCY:CI->O           1   0.064   0.000  SYNC/Madd_add0003_add0000_cy<16> (SYNC/Madd_add0003_add0000_cy<16>)
     MUXCY:CI->O           1   0.064   0.000  SYNC/Madd_add0003_add0000_cy<17> (SYNC/Madd_add0003_add0000_cy<17>)
     MUXCY:CI->O           1   0.064   0.000  SYNC/Madd_add0003_add0000_cy<18> (SYNC/Madd_add0003_add0000_cy<18>)
     MUXCY:CI->O           0   0.064   0.000  SYNC/Madd_add0003_add0000_cy<19> (SYNC/Madd_add0003_add0000_cy<19>)
     XORCY:CI->O           2   0.904   1.216  SYNC/Madd_add0003_add0000_xor<20> (SYNC/add0003_add0000<20>)
     LUT4:I0->O           10   0.551   1.202  SYNC/row_cnt_enable_and00001 (SYNC/vsync_and0000)
     LUT4:I2->O            1   0.551   0.801  SYNC/vsync_mux0000105 (SYNC/vsync_mux0000_map28)
     FDS:S                     1.026          SYNC/v_sig
    ----------------------------------------
    Total                     10.314ns (5.955ns logic, 4.359ns route)
                                       (57.7% logic, 42.3% route)

=========================================================================
Timing constraint: Default OFFSET OUT AFTER for Clock 'Clock'
  Total number of paths / destination ports: 5 / 5
-------------------------------------------------------------------------
Offset:              7.241ns (Levels of Logic = 1)
  Source:            SYNC/v_sig (FF)
  Destination:       Vert_sync (PAD)
  Source Clock:      Clock rising

  Data Path: SYNC/v_sig to Vert_sync
                                Gate     Net
    Cell:in->out      fanout   Delay   Delay  Logical Name (Net Name)
    ----------------------------------------  ------------
     FDS:C->Q              2   0.720   0.877  SYNC/v_sig (SYNC/v_sig)
     OBUF:I->O                 5.644          Vert_sync_OBUF (Vert_sync)
    ----------------------------------------
    Total                      7.241ns (6.364ns logic, 0.877ns route)
                                       (87.9% logic, 12.1% route)

=========================================================================
CPU : 7.11 / 7.34 s | Elapsed : 7.00 / 7.00 s
 
--> 

Total memory usage is 170704 kilobytes

Number of errors   :    0 (   0 filtered)
Number of warnings :   35 (   0 filtered)
Number of infos    :    4 (   0 filtered)

