Release 14.6 - xst P.68d (nt64)
Copyright (c) 1995-2013 Xilinx, Inc.  All rights reserved.
--> Parameter TMPDIR set to xst/projnav.tmp


Total REAL time to Xst completion: 0.00 secs
Total CPU time to Xst completion: 0.08 secs
 
--> Parameter xsthdpdir set to xst


Total REAL time to Xst completion: 0.00 secs
Total CPU time to Xst completion: 0.08 secs
 
--> Reading design: vgatest.prj

TABLE OF CONTENTS
  1) Synthesis Options Summary
  2) HDL Compilation
  3) Design Hierarchy Analysis
  4) HDL Analysis
  5) HDL Synthesis
     5.1) HDL Synthesis Report
  6) Advanced HDL Synthesis
     6.1) Advanced HDL Synthesis Report
  7) Low Level Synthesis
  8) Partition Report
  9) Final Report
	9.1) Device utilization summary
	9.2) Partition Resource Summary
	9.3) TIMING REPORT


=========================================================================
*                      Synthesis Options Summary                        *
=========================================================================
---- Source Parameters
Input File Name                    : "vgatest.prj"
Input Format                       : mixed
Ignore Synthesis Constraint File   : NO

---- Target Parameters
Output File Name                   : "vgatest"
Output Format                      : NGC
Target Device                      : xc3s1000-4-ft256

---- Source Options
Top Module Name                    : vgatest
Automatic FSM Extraction           : YES
FSM Encoding Algorithm             : Auto
Safe Implementation                : No
FSM Style                          : LUT
RAM Extraction                     : Yes
RAM Style                          : Auto
ROM Extraction                     : Yes
Mux Style                          : Auto
Decoder Extraction                 : YES
Priority Encoder Extraction        : Yes
Shift Register Extraction          : YES
Logical Shifter Extraction         : YES
XOR Collapsing                     : YES
ROM Style                          : Auto
Mux Extraction                     : Yes
Resource Sharing                   : YES
Asynchronous To Synchronous        : NO
Multiplier Style                   : Auto
Automatic Register Balancing       : No

---- Target Options
Add IO Buffers                     : YES
Global Maximum Fanout              : 500
Add Generic Clock Buffer(BUFG)     : 8
Register Duplication               : YES
Slice Packing                      : YES
Optimize Instantiated Primitives   : NO
Use Clock Enable                   : Yes
Use Synchronous Set                : Yes
Use Synchronous Reset              : Yes
Pack IO Registers into IOBs        : Auto
Equivalent register Removal        : YES

---- General Options
Optimization Goal                  : Speed
Optimization Effort                : 1
Keep Hierarchy                     : No
Netlist Hierarchy                  : As_Optimized
RTL Output                         : Yes
Global Optimization                : AllClockNets
Read Cores                         : YES
Write Timing Constraints           : NO
Cross Clock Analysis               : NO
Hierarchy Separator                : /
Bus Delimiter                      : <>
Case Specifier                     : Maintain
Slice Utilization Ratio            : 100
BRAM Utilization Ratio             : 100
Verilog 2001                       : YES
Auto BRAM Packing                  : NO
Slice Utilization Ratio Delta      : 5

=========================================================================


=========================================================================
*                          HDL Compilation                              *
=========================================================================
WARNING:HDLParsers:3607 - Unit work/vgatest is now defined in a different file.  It was defined in "C:/Users/jburge16/Documents/GitHub/bugfree-adventure/characters/vga_test/vga_gen.vhd", and is now defined in "C:/Users/mlindahl15/Documents/GitHub/bugfree-adventure/characters/vga_test/vga_gen.vhd".
WARNING:HDLParsers:3607 - Unit work/vgatest/behavioral is now defined in a different file.  It was defined in "C:/Users/jburge16/Documents/GitHub/bugfree-adventure/characters/vga_test/vga_gen.vhd", and is now defined in "C:/Users/mlindahl15/Documents/GitHub/bugfree-adventure/characters/vga_test/vga_gen.vhd".
WARNING:HDLParsers:3607 - Unit work/ps2_kbd_pckg is now defined in a different file.  It was defined in "C:/Users/jburge16/Documents/GitHub/bugfree-adventure/characters/ps2_kbd.vhd", and is now defined in "C:/Users/mlindahl15/Documents/GitHub/bugfree-adventure/characters/ps2_kbd.vhd".
WARNING:HDLParsers:3607 - Unit work/ps2_kbd is now defined in a different file.  It was defined in "C:/Users/jburge16/Documents/GitHub/bugfree-adventure/characters/ps2_kbd.vhd", and is now defined in "C:/Users/mlindahl15/Documents/GitHub/bugfree-adventure/characters/ps2_kbd.vhd".
WARNING:HDLParsers:3607 - Unit work/ps2_kbd/arch is now defined in a different file.  It was defined in "C:/Users/jburge16/Documents/GitHub/bugfree-adventure/characters/ps2_kbd.vhd", and is now defined in "C:/Users/mlindahl15/Documents/GitHub/bugfree-adventure/characters/ps2_kbd.vhd".
WARNING:HDLParsers:3607 - Unit work/char_mem is now defined in a different file.  It was defined in "C:/Users/jburge16/Documents/GitHub/bugfree-adventure/characters/vga_test/char_mem.vhd", and is now defined in "C:/Users/mlindahl15/Documents/GitHub/bugfree-adventure/characters/vga_test/char_mem.vhd".
WARNING:HDLParsers:3607 - Unit work/char_mem/arch is now defined in a different file.  It was defined in "C:/Users/jburge16/Documents/GitHub/bugfree-adventure/characters/vga_test/char_mem.vhd", and is now defined in "C:/Users/mlindahl15/Documents/GitHub/bugfree-adventure/characters/vga_test/char_mem.vhd".
WARNING:HDLParsers:3607 - Unit work/font_rom_pckg is now defined in a different file.  It was defined in "C:/Users/jburge16/Documents/GitHub/bugfree-adventure/characters/vga_test/list_ch13_01_font_rom.vhd", and is now defined in "C:/Users/mlindahl15/Documents/GitHub/bugfree-adventure/characters/vga_test/list_ch13_01_font_rom.vhd".
WARNING:HDLParsers:3607 - Unit work/font_rom is now defined in a different file.  It was defined in "C:/Users/jburge16/Documents/GitHub/bugfree-adventure/characters/vga_test/list_ch13_01_font_rom.vhd", and is now defined in "C:/Users/mlindahl15/Documents/GitHub/bugfree-adventure/characters/vga_test/list_ch13_01_font_rom.vhd".
WARNING:HDLParsers:3607 - Unit work/font_rom/arch is now defined in a different file.  It was defined in "C:/Users/jburge16/Documents/GitHub/bugfree-adventure/characters/vga_test/list_ch13_01_font_rom.vhd", and is now defined in "C:/Users/mlindahl15/Documents/GitHub/bugfree-adventure/characters/vga_test/list_ch13_01_font_rom.vhd".
Compiling vhdl file "C:/Users/mlindahl15/Documents/GitHub/bugfree-adventure/characters/ps2_kbd.vhd" in Library work.
Architecture arch of Entity ps2_kbd is up to date.
Compiling vhdl file "C:/Users/mlindahl15/Documents/GitHub/bugfree-adventure/characters/vga_test/list_ch13_01_font_rom.vhd" in Library work.
Architecture arch of Entity font_rom is up to date.
Compiling vhdl file "C:/Users/mlindahl15/Documents/GitHub/bugfree-adventure/characters/vga_test/char_mem.vhd" in Library work.
Package <char_mem_pckg> compiled.
Entity <char_mem> compiled.
Entity <char_mem> (Architecture <arch>) compiled.
Compiling vhdl file "C:/Users/mlindahl15/Documents/GitHub/bugfree-adventure/characters/vga_test/vga_gen.vhd" in Library work.
Entity <vgatest> compiled.
Entity <vgatest> (Architecture <behavioral>) compiled.

=========================================================================
*                     Design Hierarchy Analysis                         *
=========================================================================
Analyzing hierarchy for entity <vgatest> in library <work> (architecture <behavioral>) with generics.
	FREQ = 100000

Analyzing hierarchy for entity <ps2_kbd> in library <work> (architecture <arch>) with generics.
	FREQ = 100000

Analyzing hierarchy for entity <font_rom> in library <work> (architecture <arch>).

Analyzing hierarchy for entity <char_mem> in library <work> (architecture <arch>).


=========================================================================
*                            HDL Analysis                               *
=========================================================================
Analyzing generic Entity <vgatest> in library <work> (Architecture <behavioral>).
	FREQ = 100000
WARNING:Xst:753 - "C:/Users/mlindahl15/Documents/GitHub/bugfree-adventure/characters/vga_test/vga_gen.vhd" line 121: Unconnected output port 'parity' of component 'ps2_kbd'.
WARNING:Xst:753 - "C:/Users/mlindahl15/Documents/GitHub/bugfree-adventure/characters/vga_test/vga_gen.vhd" line 121: Unconnected output port 'busy' of component 'ps2_kbd'.
WARNING:Xst:1610 - "C:/Users/mlindahl15/Documents/GitHub/bugfree-adventure/characters/vga_test/vga_gen.vhd" line 245: Width mismatch. <ascii_line> has a width of 11 bits but assigned expression is 8-bit wide.
WARNING:Xst:819 - "C:/Users/mlindahl15/Documents/GitHub/bugfree-adventure/characters/vga_test/vga_gen.vhd" line 216: One or more signals are missing in the process sensitivity list. To enable synthesis of FPGA/CPLD hardware, XST will assume that all necessary signals are present in the sensitivity list. Please note that the result of the synthesis may differ from the initial design specification. The missing signals are:
   <hpcounter>, <vpcounter>
INFO:Xst:2679 - Register <char_read_addr> in unit <vgatest> has a constant value of 000000001000 during circuit operation. The register is replaced by logic.
Entity <vgatest> analyzed. Unit <vgatest> generated.

Analyzing generic Entity <ps2_kbd> in library <work> (Architecture <arch>).
	FREQ = 100000
Entity <ps2_kbd> analyzed. Unit <ps2_kbd> generated.

Analyzing Entity <font_rom> in library <work> (Architecture <arch>).
Entity <font_rom> analyzed. Unit <font_rom> generated.

Analyzing Entity <char_mem> in library <work> (Architecture <arch>).
Entity <char_mem> analyzed. Unit <char_mem> generated.


=========================================================================
*                           HDL Synthesis                               *
=========================================================================

Performing bidirectional port resolution...

Synthesizing Unit <ps2_kbd>.
    Related source file is "C:/Users/mlindahl15/Documents/GitHub/bugfree-adventure/characters/ps2_kbd.vhd".
    Found 4-bit up counter for signal <bitcnt_r>.
    Found 1-bit register for signal <error_r>.
    Found 1-bit register for signal <keyrel_r>.
    Found 5-bit register for signal <ps2_clk_r>.
    Found 1-bit register for signal <rdy_r>.
    Found 10-bit register for signal <sc_r>.
    Found 14-bit register for signal <timer_r>.
    Found 14-bit adder for signal <timer_x$addsub0000> created at line 112.
    Summary:
	inferred   1 Counter(s).
	inferred  32 D-type flip-flop(s).
	inferred   1 Adder/Subtractor(s).
Unit <ps2_kbd> synthesized.


Synthesizing Unit <font_rom>.
    Related source file is "C:/Users/mlindahl15/Documents/GitHub/bugfree-adventure/characters/vga_test/list_ch13_01_font_rom.vhd".
    Found 2048x8-bit ROM for signal <data$rom0000> created at line 2228.
    Found 11-bit register for signal <addr_reg>.
    Summary:
	inferred   1 ROM(s).
	inferred  11 D-type flip-flop(s).
Unit <font_rom> synthesized.


Synthesizing Unit <char_mem>.
    Related source file is "C:/Users/mlindahl15/Documents/GitHub/bugfree-adventure/characters/vga_test/char_mem.vhd".
    Found 4096x8-bit dual-port RAM <Mram_char_ram> for signal <char_ram>.
    Found 12-bit register for signal <read_a>.
    Summary:
	inferred   1 RAM(s).
	inferred  12 D-type flip-flop(s).
Unit <char_mem> synthesized.


Synthesizing Unit <vgatest>.
    Related source file is "C:/Users/mlindahl15/Documents/GitHub/bugfree-adventure/characters/vga_test/vga_gen.vhd".
WARNING:Xst:646 - Signal <rdy> is assigned but never used. This unconnected signal will be trimmed during the optimization process.
WARNING:Xst:646 - Signal <keyboard_map> is assigned but never used. This unconnected signal will be trimmed during the optimization process.
WARNING:Xst:1780 - Signal <color> is never used or assigned. This unconnected signal will be trimmed during the optimization process.
WARNING:Xst:653 - Signal <char_write_value> is used but never assigned. This sourceless signal will be automatically connected to value 00000000.
WARNING:Xst:653 - Signal <char_write_addr> is used but never assigned. This sourceless signal will be automatically connected to value 000000000000.
WARNING:Xst:653 - Signal <char_enable_write> is used but never assigned. This sourceless signal will be automatically connected to value 0.
    Register <blue_out<1>> equivalent to <blue_out<0>> has been removed
    Register <blue_out<2>> equivalent to <blue_out<0>> has been removed
    Register <green_out<0>> equivalent to <blue_out<0>> has been removed
    Register <green_out<1>> equivalent to <blue_out<0>> has been removed
    Register <green_out<2>> equivalent to <blue_out<0>> has been removed
    Register <red_out<0>> equivalent to <blue_out<0>> has been removed
    Register <red_out<1>> equivalent to <blue_out<0>> has been removed
    Register <red_out<2>> equivalent to <blue_out<0>> has been removed
    Found 1-bit register for signal <blue_out<0>>.
    Found 1-bit register for signal <hs_out>.
    Found 1-bit register for signal <vs_out>.
    Found 11-bit register for signal <ascii_line>.
    Found 8-bit adder for signal <ascii_line$add0000> created at line 245.
    Found 1-bit register for signal <clk>.
    Found 10-bit comparator greater for signal <green_out_0$cmp_gt0000> created at line 235.
    Found 9-bit comparator greater for signal <green_out_0$cmp_gt0001> created at line 235.
    Found 10-bit comparator less for signal <green_out_0$cmp_lt0000> created at line 235.
    Found 9-bit comparator less for signal <green_out_0$cmp_lt0001> created at line 235.
    Found 10-bit subtractor for signal <green_out_0$sub0000> created at line 226.
    Found 9-bit subtractor for signal <green_out_0$sub0001> created at line 227.
    Found 10-bit up counter for signal <hcounter>.
    Found 4-bit down counter for signal <hpcounter>.
    Found 10-bit comparator greater for signal <hs_out$cmp_gt0000> created at line 271.
    Found 10-bit comparator less for signal <hs_out$cmp_lt0000> created at line 271.
    Found 8-bit register for signal <number>.
    Found 10-bit up counter for signal <vcounter>.
    Found 5-bit up counter for signal <vpcounter>.
    Found 10-bit comparator greater for signal <vs_out$cmp_gt0000> created at line 283.
    Found 10-bit comparator less for signal <vs_out$cmp_lt0000> created at line 283.
    Found 1-bit register for signal <white_out>.
    Found 1-bit 8-to-1 multiplexer for signal <white_out$mux0000> created at line 246.
    Summary:
	inferred   4 Counter(s).
	inferred  24 D-type flip-flop(s).
	inferred   3 Adder/Subtractor(s).
	inferred   8 Comparator(s).
	inferred   1 Multiplexer(s).
Unit <vgatest> synthesized.


=========================================================================
HDL Synthesis Report

Macro Statistics
# RAMs                                                 : 1
 4096x8-bit dual-port RAM                              : 1
# ROMs                                                 : 1
 2048x8-bit ROM                                        : 1
# Adders/Subtractors                                   : 4
 10-bit subtractor                                     : 1
 14-bit adder                                          : 1
 8-bit adder                                           : 1
 9-bit subtractor                                      : 1
# Counters                                             : 5
 10-bit up counter                                     : 2
 4-bit down counter                                    : 1
 4-bit up counter                                      : 1
 5-bit up counter                                      : 1
# Registers                                            : 15
 1-bit register                                        : 8
 10-bit register                                       : 1
 11-bit register                                       : 2
 12-bit register                                       : 1
 14-bit register                                       : 1
 5-bit register                                        : 1
 8-bit register                                        : 1
# Comparators                                          : 8
 10-bit comparator greater                             : 3
 10-bit comparator less                                : 3
 9-bit comparator greater                              : 1
 9-bit comparator less                                 : 1
# Multiplexers                                         : 1
 1-bit 8-to-1 multiplexer                              : 1

=========================================================================

=========================================================================
*                       Advanced HDL Synthesis                          *
=========================================================================

WARNING:Xst:1290 - Hierarchical block <u0> is unconnected in block <vgatest>.
   It will be removed from the design.
INFO:Xst:2261 - The FF/Latch <read_a_0> in Unit <u2> is equivalent to the following 10 FFs/Latches, which will be removed : <read_a_1> <read_a_2> <read_a_4> <read_a_5> <read_a_6> <read_a_7> <read_a_8> <read_a_9> <read_a_10> <read_a_11> 
WARNING:Xst:1710 - FF/Latch <addr_reg_8> (without init value) has a constant value of 0 in block <u1>. This FF/Latch will be trimmed during the optimization process.
WARNING:Xst:1710 - FF/Latch <addr_reg_9> (without init value) has a constant value of 0 in block <u1>. This FF/Latch will be trimmed during the optimization process.
WARNING:Xst:1710 - FF/Latch <addr_reg_10> (without init value) has a constant value of 0 in block <u1>. This FF/Latch will be trimmed during the optimization process.
WARNING:Xst:1710 - FF/Latch <read_a_0> (without init value) has a constant value of 0 in block <u2>. This FF/Latch will be trimmed during the optimization process.
WARNING:Xst:1710 - FF/Latch <read_a_3> (without init value) has a constant value of 1 in block <u2>. This FF/Latch will be trimmed during the optimization process.
WARNING:Xst:1710 - FF/Latch <ascii_line_8> (without init value) has a constant value of 0 in block <vgatest>. This FF/Latch will be trimmed during the optimization process.
WARNING:Xst:1710 - FF/Latch <ascii_line_9> (without init value) has a constant value of 0 in block <vgatest>. This FF/Latch will be trimmed during the optimization process.
WARNING:Xst:1710 - FF/Latch <ascii_line_10> (without init value) has a constant value of 0 in block <vgatest>. This FF/Latch will be trimmed during the optimization process.
WARNING:Xst:2404 -  FFs/Latches <ascii_line<10:8>> (without init value) have a constant value of 0 in block <vgatest>.
WARNING:Xst:2404 -  FFs/Latches <read_a<11:4>> (without init value) have a constant value of 0 in block <char_mem>.

Synthesizing (advanced) Unit <font_rom>.
INFO:Xst:3044 - The ROM <Mrom_data_rom0000> will be implemented as a read-only BLOCK RAM, absorbing the register: <addr_reg>.
INFO:Xst:3225 - The RAM <Mrom_data_rom0000> will be implemented as BLOCK RAM
    -----------------------------------------------------------------------
    | ram_type           | Block                               |          |
    -----------------------------------------------------------------------
    | Port A                                                              |
    |     aspect ratio   | 2048-word x 8-bit                   |          |
    |     mode           | write-first                         |          |
    |     clkA           | connected to signal <clk>           | rise     |
    |     weA            | connected to internal node          | high     |
    |     addrA          | connected to signal <addr>          |          |
    |     diA            | connected to internal node          |          |
    |     doA            | connected to signal <data>          |          |
    -----------------------------------------------------------------------
    | optimization       | speed                               |          |
    -----------------------------------------------------------------------
Unit <font_rom> synthesized (advanced).

Synthesizing (advanced) Unit <vgatest>.
INFO:Xst:3038 - The RAM <u2/Mram_char_ram> appears to be read-only. If that was not your intent please check the write enable description.
INFO:Xst:3226 - The RAM <u2/Mram_char_ram> will be implemented as a BLOCK RAM, absorbing the following register(s): <number>
    -----------------------------------------------------------------------
    | ram_type           | Block                               |          |
    -----------------------------------------------------------------------
    | Port A                                                              |
    |     aspect ratio   | 4096-word x 8-bit                   |          |
    |     mode           | read-first                          |          |
    |     clkA           | connected to signal <clk>           | rise     |
    |     weA            | connected to signal <GND>           | high     |
    |     addrA          | connected to signal <GND>           |          |
    |     diA            | connected to signal <GND>           |          |
    -----------------------------------------------------------------------
    | optimization       | speed                               |          |
    -----------------------------------------------------------------------
    | Port B                                                              |
    |     aspect ratio   | 4096-word x 8-bit                   |          |
    |     mode           | write-first                         |          |
    |     clkB           | connected to signal <clk>           | rise     |
    |     enB            | connected to signal <ascii_line_and0000> | high     |
    |     addrB          | connected to signal <u2/read_a>     |          |
    |     doB            | connected to signal <number>        |          |
    -----------------------------------------------------------------------
    | optimization       | speed                               |          |
    -----------------------------------------------------------------------
Unit <vgatest> synthesized (advanced).

=========================================================================
Advanced HDL Synthesis Report

Macro Statistics
# RAMs                                                 : 2
 2048x8-bit single-port block RAM                      : 1
 4096x8-bit dual-port block RAM                        : 1
# Adders/Subtractors                                   : 4
 10-bit subtractor                                     : 1
 14-bit adder                                          : 1
 8-bit adder                                           : 1
 9-bit subtractor                                      : 1
# Counters                                             : 5
 10-bit up counter                                     : 2
 4-bit down counter                                    : 1
 4-bit up counter                                      : 1
 5-bit up counter                                      : 1
# Registers                                            : 49
 Flip-Flops                                            : 49
# Comparators                                          : 8
 10-bit comparator greater                             : 3
 10-bit comparator less                                : 3
 9-bit comparator greater                              : 1
 9-bit comparator less                                 : 1
# Multiplexers                                         : 1
 1-bit 8-to-1 multiplexer                              : 1

=========================================================================

=========================================================================
*                         Low Level Synthesis                           *
=========================================================================
WARNING:Xst:1710 - FF/Latch <u2/read_a_0> (without init value) has a constant value of 0 in block <vgatest>. This FF/Latch will be trimmed during the optimization process.
WARNING:Xst:1710 - FF/Latch <u2/read_a_1> (without init value) has a constant value of 0 in block <vgatest>. This FF/Latch will be trimmed during the optimization process.
WARNING:Xst:1710 - FF/Latch <u2/read_a_2> (without init value) has a constant value of 0 in block <vgatest>. This FF/Latch will be trimmed during the optimization process.
WARNING:Xst:1710 - FF/Latch <u2/read_a_3> (without init value) has a constant value of 1 in block <vgatest>. This FF/Latch will be trimmed during the optimization process.

Optimizing unit <vgatest> ...

Optimizing unit <ps2_kbd> ...
WARNING:Xst:2677 - Node <u0/bitcnt_r_3> of sequential type is unconnected in block <vgatest>.
WARNING:Xst:2677 - Node <u0/bitcnt_r_2> of sequential type is unconnected in block <vgatest>.
WARNING:Xst:2677 - Node <u0/bitcnt_r_1> of sequential type is unconnected in block <vgatest>.
WARNING:Xst:2677 - Node <u0/bitcnt_r_0> of sequential type is unconnected in block <vgatest>.
WARNING:Xst:2677 - Node <u0/ps2_clk_r_5> of sequential type is unconnected in block <vgatest>.
WARNING:Xst:2677 - Node <u0/ps2_clk_r_4> of sequential type is unconnected in block <vgatest>.
WARNING:Xst:2677 - Node <u0/ps2_clk_r_3> of sequential type is unconnected in block <vgatest>.
WARNING:Xst:2677 - Node <u0/ps2_clk_r_2> of sequential type is unconnected in block <vgatest>.
WARNING:Xst:2677 - Node <u0/ps2_clk_r_1> of sequential type is unconnected in block <vgatest>.
WARNING:Xst:2677 - Node <u0/rdy_r> of sequential type is unconnected in block <vgatest>.
WARNING:Xst:2677 - Node <u0/error_r> of sequential type is unconnected in block <vgatest>.
WARNING:Xst:2677 - Node <u0/timer_r_13> of sequential type is unconnected in block <vgatest>.
WARNING:Xst:2677 - Node <u0/timer_r_12> of sequential type is unconnected in block <vgatest>.
WARNING:Xst:2677 - Node <u0/timer_r_11> of sequential type is unconnected in block <vgatest>.
WARNING:Xst:2677 - Node <u0/timer_r_10> of sequential type is unconnected in block <vgatest>.
WARNING:Xst:2677 - Node <u0/timer_r_9> of sequential type is unconnected in block <vgatest>.
WARNING:Xst:2677 - Node <u0/timer_r_8> of sequential type is unconnected in block <vgatest>.
WARNING:Xst:2677 - Node <u0/timer_r_7> of sequential type is unconnected in block <vgatest>.
WARNING:Xst:2677 - Node <u0/timer_r_6> of sequential type is unconnected in block <vgatest>.
WARNING:Xst:2677 - Node <u0/timer_r_5> of sequential type is unconnected in block <vgatest>.
WARNING:Xst:2677 - Node <u0/timer_r_4> of sequential type is unconnected in block <vgatest>.
WARNING:Xst:2677 - Node <u0/timer_r_3> of sequential type is unconnected in block <vgatest>.
WARNING:Xst:2677 - Node <u0/timer_r_2> of sequential type is unconnected in block <vgatest>.
WARNING:Xst:2677 - Node <u0/timer_r_1> of sequential type is unconnected in block <vgatest>.
WARNING:Xst:2677 - Node <u0/timer_r_0> of sequential type is unconnected in block <vgatest>.
WARNING:Xst:2677 - Node <u0/keyrel_r> of sequential type is unconnected in block <vgatest>.
WARNING:Xst:2677 - Node <u0/sc_r_9> of sequential type is unconnected in block <vgatest>.
WARNING:Xst:2677 - Node <u0/sc_r_8> of sequential type is unconnected in block <vgatest>.
WARNING:Xst:2677 - Node <u0/sc_r_7> of sequential type is unconnected in block <vgatest>.
WARNING:Xst:2677 - Node <u0/sc_r_6> of sequential type is unconnected in block <vgatest>.
WARNING:Xst:2677 - Node <u0/sc_r_5> of sequential type is unconnected in block <vgatest>.
WARNING:Xst:2677 - Node <u0/sc_r_4> of sequential type is unconnected in block <vgatest>.
WARNING:Xst:2677 - Node <u0/sc_r_3> of sequential type is unconnected in block <vgatest>.
WARNING:Xst:2677 - Node <u0/sc_r_2> of sequential type is unconnected in block <vgatest>.
WARNING:Xst:2677 - Node <u0/sc_r_1> of sequential type is unconnected in block <vgatest>.
WARNING:Xst:2677 - Node <u0/sc_r_0> of sequential type is unconnected in block <vgatest>.

Mapping all equations...
Building and optimizing final netlist ...
Found area constraint ratio of 100 (+ 5) on block vgatest, actual ratio is 0.

Final Macro Processing ...

=========================================================================
Final Register Report

Macro Statistics
# Registers                                            : 42
 Flip-Flops                                            : 42

=========================================================================

=========================================================================
*                           Partition Report                            *
=========================================================================

Partition Implementation Status
-------------------------------

  No Partitions were found in this design.

-------------------------------

=========================================================================
*                            Final Report                               *
=========================================================================
Final Results
RTL Top Level Output File Name     : vgatest.ngr
Top Level Output File Name         : vgatest
Output Format                      : NGC
Optimization Goal                  : Speed
Keep Hierarchy                     : No

Design Statistics
# IOs                              : 14

Cell Usage :
# BELS                             : 135
#      GND                         : 4
#      INV                         : 4
#      LUT1                        : 20
#      LUT2                        : 9
#      LUT2_L                      : 1
#      LUT3                        : 8
#      LUT3_L                      : 2
#      LUT4                        : 25
#      LUT4_D                      : 1
#      LUT4_L                      : 3
#      MUXCY                       : 25
#      MUXF5                       : 3
#      MUXF6                       : 1
#      VCC                         : 1
#      XORCY                       : 28
# FlipFlops/Latches                : 42
#      FDE                         : 9
#      FDR                         : 17
#      FDRE                        : 15
#      FDS                         : 1
# RAMS                             : 3
#      RAMB16                      : 3
# Clock Buffers                    : 2
#      BUFG                        : 1
#      BUFGP                       : 1
# IO Buffers                       : 11
#      OBUF                        : 11
=========================================================================

Device utilization summary:
---------------------------

Selected Device : 3s1000ft256-4 

 Number of Slices:                       39  out of   7680     0%  
 Number of Slice Flip Flops:             42  out of  15360     0%  
 Number of 4 input LUTs:                 73  out of  15360     0%  
 Number of IOs:                          14
 Number of bonded IOBs:                  12  out of    173     6%  
 Number of BRAMs:                         3  out of     24    12%  
 Number of GCLKs:                         2  out of      8    25%  

---------------------------
Partition Resource Summary:
---------------------------

  No Partitions were found in this design.

---------------------------


=========================================================================
TIMING REPORT

NOTE: THESE TIMING NUMBERS ARE ONLY A SYNTHESIS ESTIMATE.
      FOR ACCURATE TIMING INFORMATION PLEASE REFER TO THE TRACE REPORT
      GENERATED AFTER PLACE-and-ROUTE.

Clock Information:
------------------
-----------------------------------+------------------------+-------+
Clock Signal                       | Clock buffer(FF name)  | Load  |
-----------------------------------+------------------------+-------+
clk50_in                           | BUFGP                  | 1     |
clk1                               | BUFG                   | 44    |
-----------------------------------+------------------------+-------+

Asynchronous Control Signals Information:
----------------------------------------
No asynchronous control signals found in this design

Timing Summary:
---------------
Speed Grade: -4

   Minimum period: 9.711ns (Maximum Frequency: 102.976MHz)
   Minimum input arrival time before clock: No path found
   Maximum output required time after clock: 7.488ns
   Maximum combinational path delay: No path found

Timing Detail:
--------------
All values displayed in nanoseconds (ns)

=========================================================================
Timing constraint: Default period analysis for Clock 'clk50_in'
  Clock period: 2.623ns (frequency: 381.243MHz)
  Total number of paths / destination ports: 1 / 1
-------------------------------------------------------------------------
Delay:               2.623ns (Levels of Logic = 0)
  Source:            clk (FF)
  Destination:       clk (FF)
  Source Clock:      clk50_in rising
  Destination Clock: clk50_in rising

  Data Path: clk to clk
                                Gate     Net
    Cell:in->out      fanout   Delay   Delay  Logical Name (Net Name)
    ----------------------------------------  ------------
     FDR:C->Q              2   0.720   0.877  clk (clk1)
     FDR:R                     1.026          clk
    ----------------------------------------
    Total                      2.623ns (1.746ns logic, 0.877ns route)
                                       (66.6% logic, 33.4% route)

=========================================================================
Timing constraint: Default period analysis for Clock 'clk1'
  Clock period: 9.711ns (frequency: 102.976MHz)
  Total number of paths / destination ports: 1041 / 105
-------------------------------------------------------------------------
Delay:               9.711ns (Levels of Logic = 5)
  Source:            hcounter_3 (FF)
  Destination:       blue_out_0 (FF)
  Source Clock:      clk1 rising
  Destination Clock: clk1 rising

  Data Path: hcounter_3 to blue_out_0
                                Gate     Net
    Cell:in->out      fanout   Delay   Delay  Logical Name (Net Name)
    ----------------------------------------  ------------
     FDR:C->Q              6   0.720   1.342  hcounter_3 (hcounter_3)
     LUT4:I0->O            1   0.551   0.996  ascii_line_and00001121 (ascii_line_and0000112)
     LUT2:I1->O            1   0.551   0.827  ascii_line_and0000140_SW0 (N6)
     LUT4_L:I3->LO         1   0.551   0.126  ascii_line_and000011111 (N01)
     LUT4:I3->O           12   0.551   1.118  ascii_line_and000069 (ascii_line_and0000)
     INV:I->O              1   0.551   0.801  ascii_line_and0000_inv1_INV_0 (ascii_line_and0000_inv)
     FDR:R                     1.026          blue_out_0
    ----------------------------------------
    Total                      9.711ns (4.501ns logic, 5.210ns route)
                                       (46.3% logic, 53.7% route)

=========================================================================
Timing constraint: Default OFFSET OUT AFTER for Clock 'clk1'
  Total number of paths / destination ports: 11 / 11
-------------------------------------------------------------------------
Offset:              7.488ns (Levels of Logic = 1)
  Source:            blue_out_0 (FF)
  Destination:       blue_out<2> (PAD)
  Source Clock:      clk1 rising

  Data Path: blue_out_0 to blue_out<2>
                                Gate     Net
    Cell:in->out      fanout   Delay   Delay  Logical Name (Net Name)
    ----------------------------------------  ------------
     FDR:C->Q              9   0.720   1.124  blue_out_0 (blue_out_0)
     OBUF:I->O                 5.644          blue_out_2_OBUF (blue_out<2>)
    ----------------------------------------
    Total                      7.488ns (6.364ns logic, 1.124ns route)
                                       (85.0% logic, 15.0% route)

=========================================================================


Total REAL time to Xst completion: 6.00 secs
Total CPU time to Xst completion: 5.42 secs
 
--> 

Total memory usage is 261992 kilobytes

Number of errors   :    0 (   0 filtered)
Number of warnings :   71 (   0 filtered)
Number of infos    :    6 (   0 filtered)

