AR dmem behave C:/Users/jburge16/Documents/GitHub/bugfree-adventure/ISE/mips_mem.vhd sub00/vhpl25 1399577828
EN adder NULL C:/Users/jburge16/Documents/GitHub/bugfree-adventure/ISE/mips_building_blocks.vhd sub00/vhpl09 1399577804
EN dmem NULL C:/Users/jburge16/Documents/GitHub/bugfree-adventure/ISE/mips_mem.vhd sub00/vhpl24 1399577827
EN mux2 NULL C:/Users/jburge16/Documents/GitHub/bugfree-adventure/ISE/mips_building_blocks.vhd sub00/vhpl14 1399577808
EN flopr NULL C:/Users/jburge16/Documents/GitHub/bugfree-adventure/ISE/mips_building_blocks.vhd sub00/vhpl13 1399577807
EN regfile NULL C:/Users/jburge16/Documents/GitHub/bugfree-adventure/ISE/mips_building_blocks.vhd sub00/vhpl08 1399577803
EN aludec NULL C:/Users/jburge16/Documents/GitHub/bugfree-adventure/ISE/mips_decoder_alu.vhd sub00/vhpl02 1399577819
EN datapath NULL C:/Users/jburge16/Documents/GitHub/bugfree-adventure/ISE/mips_datapath.vhd sub00/vhpl28 1399577823
EN imem NULL C:/Users/jburge16/Documents/GitHub/bugfree-adventure/ISE/mips_mem.vhd sub00/vhpl26 1399577829
AR mips_fpga_interface test_fpga C:/Users/jburge16/Documents/GitHub/bugfree-adventure/ISE/mips_fpga_interface.vhd sub00/vhpl34 1399577834
AR controller struct C:/Users/jburge16/Documents/GitHub/bugfree-adventure/ISE/mips_controller.vhd sub00/vhpl05 1399577822
AR flopr asynchronous C:/Users/jburge16/Documents/GitHub/bugfree-adventure/ISE/mips_building_blocks.vhd sub00/vhpl22 1399577813
EN maindec NULL C:/Users/jburge16/Documents/GitHub/bugfree-adventure/ISE/mips_decoder_main.vhd sub00/vhpl00 1399577817
AR mips struct C:/Users/jburge16/Documents/GitHub/bugfree-adventure/ISE/mips.vhd sub00/vhpl15 1399577826
EN testbench NULL C:/CS401/mips_cpu_v2_sim_reorg/mips/mips_top.vhd sub00/vhpl30 1394402431
AR zerodetect behave C:/CS401/mips_cpu_v2_sim_reorg/mips/mips_building_blocks.vhd sub00/vhpl19 1394402410
EN top NULL C:/Users/jburge16/Documents/GitHub/bugfree-adventure/ISE/mips_top.vhd sub00/vhpl31 1399577831
AR imem behave C:/Users/jburge16/Documents/GitHub/bugfree-adventure/ISE/mips_mem.vhd sub00/vhpl27 1399577830
AR maindec behave C:/Users/jburge16/Documents/GitHub/bugfree-adventure/ISE/mips_decoder_main.vhd sub00/vhpl01 1399577818
EN extend NULL C:/Users/jburge16/Documents/GitHub/bugfree-adventure/ISE/mips_building_blocks.vhd sub00/vhpl35 1399577806
AR sl2 behave C:/Users/jburge16/Documents/GitHub/bugfree-adventure/ISE/mips_building_blocks.vhd sub00/vhpl20 1399577811
AR top test C:/Users/jburge16/Documents/GitHub/bugfree-adventure/ISE/mips_top.vhd sub00/vhpl32 1399577832
EN zerodetect NULL C:/CS401/mips_cpu_v2_sim_reorg/mips/mips_building_blocks.vhd sub00/vhpl10 1394402403
EN mips NULL C:/Users/jburge16/Documents/GitHub/bugfree-adventure/ISE/mips.vhd sub00/vhpl06 1399577825
AR signext behave //cs1/cs_students/hgamiel15/CS401/Homework/HW05/MIPS_CPU_FPGA_AND_SIM_V4/mips_building_blocks.vhd sub00/vhpl21 1396907878
AR aludec behave C:/Users/jburge16/Documents/GitHub/bugfree-adventure/ISE/mips_decoder_alu.vhd sub00/vhpl03 1399577820
AR datapath struct C:/Users/jburge16/Documents/GitHub/bugfree-adventure/ISE/mips_datapath.vhd sub00/vhpl29 1399577824
AR adder behave C:/Users/jburge16/Documents/GitHub/bugfree-adventure/ISE/mips_building_blocks.vhd sub00/vhpl18 1399577810
EN controller NULL C:/Users/jburge16/Documents/GitHub/bugfree-adventure/ISE/mips_controller.vhd sub00/vhpl04 1399577821
AR regfile behave C:/Users/jburge16/Documents/GitHub/bugfree-adventure/ISE/mips_building_blocks.vhd sub00/vhpl17 1399577809
EN mips_fpga_interface NULL C:/Users/jburge16/Documents/GitHub/bugfree-adventure/ISE/mips_fpga_interface.vhd sub00/vhpl33 1399577833
EN signext NULL //cs1/cs_students/hgamiel15/CS401/Homework/HW05/MIPS_CPU_FPGA_AND_SIM_V4/mips_building_blocks.vhd sub00/vhpl12 1396907872
AR mux2 behave C:/Users/jburge16/Documents/GitHub/bugfree-adventure/ISE/mips_building_blocks.vhd sub00/vhpl23 1399577814
EN sl2 NULL C:/Users/jburge16/Documents/GitHub/bugfree-adventure/ISE/mips_building_blocks.vhd sub00/vhpl11 1399577805
AR extend behave C:/Users/jburge16/Documents/GitHub/bugfree-adventure/ISE/mips_building_blocks.vhd sub00/vhpl36 1399577812
AR alu behave C:/Users/jburge16/Documents/GitHub/bugfree-adventure/ISE/mips_alu.vhd sub00/vhpl16 1399577816
EN alu NULL C:/Users/jburge16/Documents/GitHub/bugfree-adventure/ISE/mips_alu.vhd sub00/vhpl07 1399577815
