AR dmem behave C:/Users/mlindahl15/Documents/GitHub/bugfree-adventure/ISE/mips_mem.vhd sub00/vhpl25 1399939800
AR ps2_kbd arch C:/Users/mlindahl15/Documents/GitHub/bugfree-adventure/ISE/ps2_kbd.vhd sub00/vhpl39 1399939805
AR char_mem arch C:/Users/mlindahl15/Documents/GitHub/bugfree-adventure/ISE/mips/char_mem.vhd sub00/vhpl46 1399939811
EN adder NULL C:/Users/mlindahl15/Documents/GitHub/bugfree-adventure/ISE/mips_building_blocks.vhd sub00/vhpl09 1399939776
EN dmem NULL C:/Users/mlindahl15/Documents/GitHub/bugfree-adventure/ISE/mips_mem.vhd sub00/vhpl24 1399939799
EN mux2 NULL C:/Users/mlindahl15/Documents/GitHub/bugfree-adventure/ISE/mips_building_blocks.vhd sub00/vhpl14 1399939780
EN flopr NULL C:/Users/mlindahl15/Documents/GitHub/bugfree-adventure/ISE/mips_building_blocks.vhd sub00/vhpl13 1399939779
EN regfile NULL C:/Users/mlindahl15/Documents/GitHub/bugfree-adventure/ISE/mips_building_blocks.vhd sub00/vhpl08 1399939775
EN aludec NULL C:/Users/mlindahl15/Documents/GitHub/bugfree-adventure/ISE/mips_decoder_alu.vhd sub00/vhpl02 1399939791
EN datapath NULL C:/Users/mlindahl15/Documents/GitHub/bugfree-adventure/ISE/mips_datapath.vhd sub00/vhpl28 1399939795
EN imem NULL C:/Users/mlindahl15/Documents/GitHub/bugfree-adventure/ISE/mips_mem.vhd sub00/vhpl26 1399939801
PH font_rom_pckg NULL C:/Users/mlindahl15/Documents/GitHub/bugfree-adventure/ISE/mips/list_ch13_01_font_rom.vhd sub00/vhpl41 1399939806
AR mips_fpga_interface test_fpga C:/Users/mlindahl15/Documents/GitHub/bugfree-adventure/ISE/mips_fpga_interface.vhd sub00/vhpl34 1399939594
AR controller struct C:/Users/mlindahl15/Documents/GitHub/bugfree-adventure/ISE/mips_controller.vhd sub00/vhpl05 1399939794
AR flopr asynchronous C:/Users/mlindahl15/Documents/GitHub/bugfree-adventure/ISE/mips_building_blocks.vhd sub00/vhpl22 1399939785
EN maindec NULL C:/Users/mlindahl15/Documents/GitHub/bugfree-adventure/ISE/mips_decoder_main.vhd sub00/vhpl00 1399939789
AR mips struct C:/Users/mlindahl15/Documents/GitHub/bugfree-adventure/ISE/mips.vhd sub00/vhpl15 1399939798
EN testbench NULL C:/CS401/mips_cpu_v2_sim_reorg/mips/mips_top.vhd sub00/vhpl30 1394402431
PH vga_gen_pckg NULL C:/Users/tglasser15/Documents/GitHub/bugfree-adventure/ISE/mips/vga_gen.vhd sub00/vhpl40 1399779078
AR zerodetect behave C:/CS401/mips_cpu_v2_sim_reorg/mips/mips_building_blocks.vhd sub00/vhpl19 1394402410
EN top NULL C:/Users/mlindahl15/Documents/GitHub/bugfree-adventure/ISE/mips_top.vhd sub00/vhpl31 1399939591
AR imem behave C:/Users/mlindahl15/Documents/GitHub/bugfree-adventure/ISE/mips_mem.vhd sub00/vhpl27 1399939802
AR maindec behave C:/Users/mlindahl15/Documents/GitHub/bugfree-adventure/ISE/mips_decoder_main.vhd sub00/vhpl01 1399939790
EN extend NULL C:/Users/mlindahl15/Documents/GitHub/bugfree-adventure/ISE/mips_building_blocks.vhd sub00/vhpl35 1399939778
AR sl2 behave C:/Users/mlindahl15/Documents/GitHub/bugfree-adventure/ISE/mips_building_blocks.vhd sub00/vhpl20 1399939783
AR top test C:/Users/mlindahl15/Documents/GitHub/bugfree-adventure/ISE/mips_top.vhd sub00/vhpl32 1399939812
EN zerodetect NULL C:/CS401/mips_cpu_v2_sim_reorg/mips/mips_building_blocks.vhd sub00/vhpl10 1394402403
PH ps2_kbd_pckg NULL C:/Users/mlindahl15/Documents/GitHub/bugfree-adventure/ISE/ps2_kbd.vhd sub00/vhpl37 1399939803
PH char_mem_pckg NULL C:/Users/mlindahl15/Documents/GitHub/bugfree-adventure/ISE/mips/char_mem.vhd sub00/vhpl44 1399939809
EN mips NULL C:/Users/mlindahl15/Documents/GitHub/bugfree-adventure/ISE/mips.vhd sub00/vhpl06 1399939797
AR font_rom arch C:/Users/mlindahl15/Documents/GitHub/bugfree-adventure/ISE/mips/list_ch13_01_font_rom.vhd sub00/vhpl43 1399939808
EN font_rom NULL C:/Users/mlindahl15/Documents/GitHub/bugfree-adventure/ISE/mips/list_ch13_01_font_rom.vhd sub00/vhpl42 1399939807
EN ps2_kbd NULL C:/Users/mlindahl15/Documents/GitHub/bugfree-adventure/ISE/ps2_kbd.vhd sub00/vhpl38 1399939804
EN char_mem NULL C:/Users/mlindahl15/Documents/GitHub/bugfree-adventure/ISE/mips/char_mem.vhd sub00/vhpl45 1399939810
AR signext behave //cs1/cs_students/hgamiel15/CS401/Homework/HW05/MIPS_CPU_FPGA_AND_SIM_V4/mips_building_blocks.vhd sub00/vhpl21 1396907878
AR aludec behave C:/Users/mlindahl15/Documents/GitHub/bugfree-adventure/ISE/mips_decoder_alu.vhd sub00/vhpl03 1399939792
AR datapath struct C:/Users/mlindahl15/Documents/GitHub/bugfree-adventure/ISE/mips_datapath.vhd sub00/vhpl29 1399939796
AR adder behave C:/Users/mlindahl15/Documents/GitHub/bugfree-adventure/ISE/mips_building_blocks.vhd sub00/vhpl18 1399939782
EN controller NULL C:/Users/mlindahl15/Documents/GitHub/bugfree-adventure/ISE/mips_controller.vhd sub00/vhpl04 1399939793
AR regfile behave C:/Users/mlindahl15/Documents/GitHub/bugfree-adventure/ISE/mips_building_blocks.vhd sub00/vhpl17 1399939781
EN mips_fpga_interface NULL C:/Users/mlindahl15/Documents/GitHub/bugfree-adventure/ISE/mips_fpga_interface.vhd sub00/vhpl33 1399939593
EN signext NULL //cs1/cs_students/hgamiel15/CS401/Homework/HW05/MIPS_CPU_FPGA_AND_SIM_V4/mips_building_blocks.vhd sub00/vhpl12 1396907872
AR mux2 behave C:/Users/mlindahl15/Documents/GitHub/bugfree-adventure/ISE/mips_building_blocks.vhd sub00/vhpl23 1399939786
EN sl2 NULL C:/Users/mlindahl15/Documents/GitHub/bugfree-adventure/ISE/mips_building_blocks.vhd sub00/vhpl11 1399939777
AR extend behave C:/Users/mlindahl15/Documents/GitHub/bugfree-adventure/ISE/mips_building_blocks.vhd sub00/vhpl36 1399939784
AR alu behave C:/Users/mlindahl15/Documents/GitHub/bugfree-adventure/ISE/mips_alu.vhd sub00/vhpl16 1399939788
EN alu NULL C:/Users/mlindahl15/Documents/GitHub/bugfree-adventure/ISE/mips_alu.vhd sub00/vhpl07 1399939787
