AR dmem behave //cs1/cs_students/mlindahl15/CS475/MIPS_CPU_FPGA_AND_SIM_V4/mips_mem.vhd sub00/vhpl25 1396999728
EN adder NULL //cs1/cs_students/mlindahl15/CS475/MIPS_CPU_FPGA_AND_SIM_V4/mips_building_blocks.vhd sub00/vhpl09 1396999704
EN dmem NULL //cs1/cs_students/mlindahl15/CS475/MIPS_CPU_FPGA_AND_SIM_V4/mips_mem.vhd sub00/vhpl24 1396999727
EN mux2 NULL //cs1/cs_students/mlindahl15/CS475/MIPS_CPU_FPGA_AND_SIM_V4/mips_building_blocks.vhd sub00/vhpl14 1396999708
EN flopr NULL //cs1/cs_students/mlindahl15/CS475/MIPS_CPU_FPGA_AND_SIM_V4/mips_building_blocks.vhd sub00/vhpl13 1396999707
EN regfile NULL //cs1/cs_students/mlindahl15/CS475/MIPS_CPU_FPGA_AND_SIM_V4/mips_building_blocks.vhd sub00/vhpl08 1396999703
EN aludec NULL //cs1/cs_students/mlindahl15/CS475/MIPS_CPU_FPGA_AND_SIM_V4/mips_decoder_alu.vhd sub00/vhpl02 1396999719
EN datapath NULL //cs1/cs_students/mlindahl15/CS475/MIPS_CPU_FPGA_AND_SIM_V4/mips_datapath.vhd sub00/vhpl28 1396999723
EN imem NULL //cs1/cs_students/mlindahl15/CS475/MIPS_CPU_FPGA_AND_SIM_V4/mips_mem.vhd sub00/vhpl26 1396999729
AR mips_fpga_interface test_fpga //cs1/cs_students/mlindahl15/CS475/MIPS_CPU_FPGA_AND_SIM_V4/mips_fpga_interface.vhd sub00/vhpl34 1396999734
AR controller struct //cs1/cs_students/mlindahl15/CS475/MIPS_CPU_FPGA_AND_SIM_V4/mips_controller.vhd sub00/vhpl05 1396999722
AR flopr asynchronous //cs1/cs_students/mlindahl15/CS475/MIPS_CPU_FPGA_AND_SIM_V4/mips_building_blocks.vhd sub00/vhpl22 1396999713
EN maindec NULL //cs1/cs_students/mlindahl15/CS475/MIPS_CPU_FPGA_AND_SIM_V4/mips_decoder_main.vhd sub00/vhpl00 1396999717
AR mips struct //cs1/cs_students/mlindahl15/CS475/MIPS_CPU_FPGA_AND_SIM_V4/mips.vhd sub00/vhpl15 1396999726
EN testbench NULL C:/CS401/mips_cpu_v2_sim_reorg/mips/mips_top.vhd sub00/vhpl30 1394402431
AR zerodetect behave C:/CS401/mips_cpu_v2_sim_reorg/mips/mips_building_blocks.vhd sub00/vhpl19 1394402410
EN top NULL //cs1/cs_students/mlindahl15/CS475/MIPS_CPU_FPGA_AND_SIM_V4/mips_top.vhd sub00/vhpl31 1396999731
AR imem behave //cs1/cs_students/mlindahl15/CS475/MIPS_CPU_FPGA_AND_SIM_V4/mips_mem.vhd sub00/vhpl27 1396999730
AR maindec behave //cs1/cs_students/mlindahl15/CS475/MIPS_CPU_FPGA_AND_SIM_V4/mips_decoder_main.vhd sub00/vhpl01 1396999718
EN extend NULL //cs1/cs_students/mlindahl15/CS475/MIPS_CPU_FPGA_AND_SIM_V4/mips_building_blocks.vhd sub00/vhpl35 1396999706
AR sl2 behave //cs1/cs_students/mlindahl15/CS475/MIPS_CPU_FPGA_AND_SIM_V4/mips_building_blocks.vhd sub00/vhpl20 1396999711
AR top test //cs1/cs_students/mlindahl15/CS475/MIPS_CPU_FPGA_AND_SIM_V4/mips_top.vhd sub00/vhpl32 1396999732
EN zerodetect NULL C:/CS401/mips_cpu_v2_sim_reorg/mips/mips_building_blocks.vhd sub00/vhpl10 1394402403
EN mips NULL //cs1/cs_students/mlindahl15/CS475/MIPS_CPU_FPGA_AND_SIM_V4/mips.vhd sub00/vhpl06 1396999725
AR signext behave //cs1/cs_students/hgamiel15/CS401/Homework/HW05/MIPS_CPU_FPGA_AND_SIM_V4/mips_building_blocks.vhd sub00/vhpl21 1396907878
AR aludec behave //cs1/cs_students/mlindahl15/CS475/MIPS_CPU_FPGA_AND_SIM_V4/mips_decoder_alu.vhd sub00/vhpl03 1396999720
AR datapath struct //cs1/cs_students/mlindahl15/CS475/MIPS_CPU_FPGA_AND_SIM_V4/mips_datapath.vhd sub00/vhpl29 1396999724
AR adder behave //cs1/cs_students/mlindahl15/CS475/MIPS_CPU_FPGA_AND_SIM_V4/mips_building_blocks.vhd sub00/vhpl18 1396999710
EN controller NULL //cs1/cs_students/mlindahl15/CS475/MIPS_CPU_FPGA_AND_SIM_V4/mips_controller.vhd sub00/vhpl04 1396999721
AR regfile behave //cs1/cs_students/mlindahl15/CS475/MIPS_CPU_FPGA_AND_SIM_V4/mips_building_blocks.vhd sub00/vhpl17 1396999709
EN mips_fpga_interface NULL //cs1/cs_students/mlindahl15/CS475/MIPS_CPU_FPGA_AND_SIM_V4/mips_fpga_interface.vhd sub00/vhpl33 1396999733
EN signext NULL //cs1/cs_students/hgamiel15/CS401/Homework/HW05/MIPS_CPU_FPGA_AND_SIM_V4/mips_building_blocks.vhd sub00/vhpl12 1396907872
AR mux2 behave //cs1/cs_students/mlindahl15/CS475/MIPS_CPU_FPGA_AND_SIM_V4/mips_building_blocks.vhd sub00/vhpl23 1396999714
EN sl2 NULL //cs1/cs_students/mlindahl15/CS475/MIPS_CPU_FPGA_AND_SIM_V4/mips_building_blocks.vhd sub00/vhpl11 1396999705
AR extend behave //cs1/cs_students/mlindahl15/CS475/MIPS_CPU_FPGA_AND_SIM_V4/mips_building_blocks.vhd sub00/vhpl36 1396999712
AR alu behave //cs1/cs_students/mlindahl15/CS475/MIPS_CPU_FPGA_AND_SIM_V4/mips_alu.vhd sub00/vhpl16 1396999716
EN alu NULL //cs1/cs_students/mlindahl15/CS475/MIPS_CPU_FPGA_AND_SIM_V4/mips_alu.vhd sub00/vhpl07 1396999715
