--------------------------------------------------------------------------------
Release 14.6 Trace  (nt64)
Copyright (c) 1995-2013 Xilinx, Inc.  All rights reserved.

C:\Xilinx\14.6\ISE_DS\ISE\bin\nt64\unwrapped\trce.exe -intstyle ise -v 3 -s 4
-n 3 -fastpaths -xml mips_fpga_interface.twx mips_fpga_interface.ncd -o
mips_fpga_interface.twr mips_fpga_interface.pcf

Design file:              mips_fpga_interface.ncd
Physical constraint file: mips_fpga_interface.pcf
Device,package,speed:     xc3s1000,ft256,-4 (PRODUCTION 1.39 2013-06-08)
Report level:             verbose report

Environment Variable      Effect 
--------------------      ------ 
NONE                      No environment variables were set
--------------------------------------------------------------------------------

INFO:Timing:3412 - To improve timing, see the Timing Closure User Guide (UG612).
INFO:Timing:2752 - To get complete path coverage, use the unconstrained paths 
   option. All paths that are not constrained will be reported in the 
   unconstrained paths section(s) of the report.
INFO:Timing:3339 - The clock-to-out numbers in this timing report are based on 
   a 50 Ohm transmission line loading model.  For the details of this model, 
   and for more information on accounting for different loading conditions, 
   please see the device datasheet.
INFO:Timing:3390 - This architecture does not support a default System Jitter 
   value, please add SYSTEM_JITTER constraint to the UCF to modify the Clock 
   Uncertainty calculation.
INFO:Timing:3389 - This architecture does not support 'Discrete Jitter' and 
   'Phase Error' calculations, these terms will be zero in the Clock 
   Uncertainty calculation.  Please make appropriate modification to 
   SYSTEM_JITTER to account for the unsupported Discrete Jitter and Phase 
   Error.

================================================================================
Timing constraint: TS_clk = PERIOD TIMEGRP "clk" 10 ns HIGH 50%;
For more information, see Period Analysis in the Timing Closure User Guide (UG612).

 1 path analyzed, 1 endpoint analyzed, 0 failing endpoints
 0 timing errors detected. (0 setup errors, 0 hold errors, 0 component switching limit errors)
 Minimum period is   2.732ns.
--------------------------------------------------------------------------------

Paths for end point keyboard_clk (SLICE_X41Y94.SR), 1 path
--------------------------------------------------------------------------------
Slack (setup path):     7.408ns (requirement - (data path - clock path skew + uncertainty))
  Source:               keyboard_clk (FF)
  Destination:          keyboard_clk (FF)
  Requirement:          10.000ns
  Data Path Delay:      2.592ns (Levels of Logic = 0)
  Clock Path Skew:      0.000ns
  Source Clock:         clk_BUFGP rising at 0.000ns
  Destination Clock:    clk_BUFGP rising at 10.000ns
  Clock Uncertainty:    0.000ns

  Maximum Data Path: keyboard_clk to keyboard_clk
    Location             Delay type         Delay(ns)  Physical Resource
                                                       Logical Resource(s)
    -------------------------------------------------  -------------------
    SLICE_X41Y94.YQ      Tcko                  0.720   keyboard_clk1
                                                       keyboard_clk
    SLICE_X41Y94.SR      net (fanout=2)        0.846   keyboard_clk1
    SLICE_X41Y94.CLK     Tsrck                 1.026   keyboard_clk1
                                                       keyboard_clk
    -------------------------------------------------  ---------------------------
    Total                                      2.592ns (1.746ns logic, 0.846ns route)
                                                       (67.4% logic, 32.6% route)

--------------------------------------------------------------------------------

Hold Paths: TS_clk = PERIOD TIMEGRP "clk" 10 ns HIGH 50%;
--------------------------------------------------------------------------------

Paths for end point keyboard_clk (SLICE_X41Y94.SR), 1 path
--------------------------------------------------------------------------------
Slack (hold path):      1.282ns (requirement - (clock path skew + uncertainty - data path))
  Source:               keyboard_clk (FF)
  Destination:          keyboard_clk (FF)
  Requirement:          0.000ns
  Data Path Delay:      1.282ns (Levels of Logic = 0)
  Clock Path Skew:      0.000ns
  Source Clock:         clk_BUFGP rising at 10.000ns
  Destination Clock:    clk_BUFGP rising at 10.000ns
  Clock Uncertainty:    0.000ns

  Minimum Data Path: keyboard_clk to keyboard_clk
    Location             Delay type         Delay(ns)  Physical Resource
                                                       Logical Resource(s)
    -------------------------------------------------  -------------------
    SLICE_X41Y94.YQ      Tcko                  0.576   keyboard_clk1
                                                       keyboard_clk
    SLICE_X41Y94.SR      net (fanout=2)        0.677   keyboard_clk1
    SLICE_X41Y94.CLK     Tcksr       (-Th)    -0.029   keyboard_clk1
                                                       keyboard_clk
    -------------------------------------------------  ---------------------------
    Total                                      1.282ns (0.605ns logic, 0.677ns route)
                                                       (47.2% logic, 52.8% route)

--------------------------------------------------------------------------------

Component Switching Limit Checks: TS_clk = PERIOD TIMEGRP "clk" 10 ns HIGH 50%;
--------------------------------------------------------------------------------
Slack: 7.268ns (period - (min low pulse limit / (low pulse / period)))
  Period: 10.000ns
  Low pulse: 5.000ns
  Low pulse limit: 1.366ns (Tbpwl)
  Physical resource: u1/Mrom_data_rom0000/CLKA
  Logical resource: u1/Mrom_data_rom0000.A/CLKA
  Location pin: RAMB16_X0Y7.CLKA
  Clock network: clk_BUFGP
--------------------------------------------------------------------------------
Slack: 7.268ns (period - (min high pulse limit / (high pulse / period)))
  Period: 10.000ns
  High pulse: 5.000ns
  High pulse limit: 1.366ns (Tbpwh)
  Physical resource: u1/Mrom_data_rom0000/CLKA
  Logical resource: u1/Mrom_data_rom0000.A/CLKA
  Location pin: RAMB16_X0Y7.CLKA
  Clock network: clk_BUFGP
--------------------------------------------------------------------------------
Slack: 7.268ns (period - min period limit)
  Period: 10.000ns
  Min period limit: 2.732ns (366.032MHz) (Tbp)
  Physical resource: u1/Mrom_data_rom0000/CLKA
  Logical resource: u1/Mrom_data_rom0000.A/CLKA
  Location pin: RAMB16_X0Y7.CLKA
  Clock network: clk_BUFGP
--------------------------------------------------------------------------------


All constraints were met.


Data Sheet report:
-----------------
All values displayed in nanoseconds (ns)

Clock to Setup on destination clock clk
---------------+---------+---------+---------+---------+
               | Src:Rise| Src:Fall| Src:Rise| Src:Fall|
Source Clock   |Dest:Rise|Dest:Rise|Dest:Fall|Dest:Fall|
---------------+---------+---------+---------+---------+
clk            |    2.592|         |         |         |
---------------+---------+---------+---------+---------+


Timing summary:
---------------

Timing errors: 0  Score: 0  (Setup/Max: 0, Hold: 0)

Constraints cover 1 paths, 0 nets, and 3 connections

Design statistics:
   Minimum period:   2.732ns{1}   (Maximum frequency: 366.032MHz)


------------------------------------Footnotes-----------------------------------
1)  The minimum period statistic assumes all single cycle delays.

Analysis completed Mon May 12 15:25:21 2014 
--------------------------------------------------------------------------------

Trace Settings:
-------------------------
Trace Settings 

Peak Memory Usage: 158 MB



