V3 27
FL //cs1/cs_classdata/373_Digital_Logic_Design/simple_vga_driver_V2/vga1/vga_test/vga_gen.vhd 2008/05/07.20:22:58 P.68d
FL //cs1/cs_students/hgamiel15/CS373/FinalProject/FinalProject/simple_vga_driver_V2/vga1/ps2_kbd.vhd 2004/10/24.12:51:04 P.68d
FL //cs1/cs_students/hgamiel15/CS373/FinalProject/FinalProject/simple_vga_driver_V2/vga1/vga_test/vga_gen.vhd 2013/11/26.13:33:25 P.68d
FL "//cs1/cs_students/mlindahl15/Old Classes/CS373/FinalProject/FinalProject/FinalProject_ISEFiles/vga1/ps2_kbd.vhd" 2004/10/24.12:51:04 P.68d
FL "//cs1/cs_students/mlindahl15/Old Classes/CS373/FinalProject/FinalProject/FinalProject_ISEFiles/vga1/vga_test/list_ch13_01_font_rom.vhd" 2014/05/10.20:37:21 P.68d
FL "//cs1/cs_students/mlindahl15/Old Classes/CS373/FinalProject/FinalProject/FinalProject_ISEFiles/vga1/vga_test/vga_gen.vhd" 2014/05/10.21:13:41 P.68d
FL C:/Users/jburge16/Desktop/simple_vga_driver_V2/vga1/ps2_kbd.vhd 2004/10/24.12:51:04 P.68d
FL C:/Users/jburge16/Desktop/simple_vga_driver_V2/vga1/vga_test/vga_gen.vhd 2013/11/25.18:35:58 P.68d
FL C:/Users/jburge16/Documents/GitHub/bugfree-adventure/characters/ps2_kbd.vhd 2014/05/11.12:36:37 P.68d
PH work/ps2_kbd_pckg 1399839088 \
      FL C:/Users/jburge16/Documents/GitHub/bugfree-adventure/characters/ps2_kbd.vhd \
      PB ieee/std_logic_1164 1370735607 PB ieee/NUMERIC_STD 1370735611 CD ps2_kbd
EN work/ps2_kbd 1399839089 \
      FL C:/Users/jburge16/Documents/GitHub/bugfree-adventure/characters/ps2_kbd.vhd \
      PB ieee/std_logic_1164 1370735607 PB ieee/NUMERIC_STD 1370735611
AR work/ps2_kbd/arch 1399839090 \
      FL C:/Users/jburge16/Documents/GitHub/bugfree-adventure/characters/ps2_kbd.vhd \
      EN work/ps2_kbd 1399839089
FL C:/Users/jburge16/Documents/GitHub/bugfree-adventure/characters/vga_test/char_mem.vhd 2014/05/11.12:36:37 P.68d
EN work/char_mem 1399837694 \
      FL C:/Users/jburge16/Documents/GitHub/bugfree-adventure/characters/vga_test/char_mem.vhd \
      PB ieee/std_logic_1164 1370735607 PB ieee/NUMERIC_STD 1370735611
AR work/char_mem/arch 1399837695 \
      FL C:/Users/jburge16/Documents/GitHub/bugfree-adventure/characters/vga_test/char_mem.vhd \
      EN work/char_mem 1399837694
FL C:/Users/jburge16/Documents/GitHub/bugfree-adventure/characters/vga_test/list_ch13_01_font_rom.vhd 2014/05/11.13:11:26 P.68d
PH work/font_rom_pckg 1399839091 \
      FL C:/Users/jburge16/Documents/GitHub/bugfree-adventure/characters/vga_test/list_ch13_01_font_rom.vhd \
      PB ieee/std_logic_1164 1370735607 PB ieee/NUMERIC_STD 1370735611 CD font_rom
EN work/font_rom 1399839092 \
      FL C:/Users/jburge16/Documents/GitHub/bugfree-adventure/characters/vga_test/list_ch13_01_font_rom.vhd \
      PB ieee/std_logic_1164 1370735607 PB ieee/NUMERIC_STD 1370735611
AR work/font_rom/arch 1399839093 \
      FL C:/Users/jburge16/Documents/GitHub/bugfree-adventure/characters/vga_test/list_ch13_01_font_rom.vhd \
      EN work/font_rom 1399839092
FL C:/Users/jburge16/Documents/GitHub/bugfree-adventure/characters/vga_test/vga_gen.vhd 2014/05/11.13:07:00 P.68d
EN work/vgatest 1399839094 \
      FL C:/Users/jburge16/Documents/GitHub/bugfree-adventure/characters/vga_test/vga_gen.vhd \
      LB unisim PB ieee/std_logic_1164 1370735607 PB ieee/std_logic_arith 1370735608 \
      PB ieee/STD_LOGIC_UNSIGNED 1370735609 PB ieee/NUMERIC_STD 1370735611 \
      PH unisim/VCOMPONENTS 1370735613 PH work/ps2_kbd_pckg 1399839088 \
      PH work/font_rom_pckg 1399839091
AR work/vgatest/behavioral 1399839095 \
      FL C:/Users/jburge16/Documents/GitHub/bugfree-adventure/characters/vga_test/vga_gen.vhd \
      EN work/vgatest 1399839094 CP ps2_kbd CP font_rom
